// Jest Snapshot v1, https://goo.gl/fbAQLP

exports[`Payload component renders Payload 1`] = `
<DocumentFragment>
  <div
    data-testid="payload"
  />
</DocumentFragment>
`;
