// Jest Snapshot v1, https://goo.gl/fbAQLP

exports[`History component renders History 1`] = `
<DocumentFragment>
  <article>
    <h4 />
    <p />
  </article>
</DocumentFragment>
`;
